CNX_Chem_03_01_alsulfatemass_img: ok
CNX_Chem_03_01_aspirin: ok
CNX_Chem_03_01_brain-ec0b: ok
CNX_Chem_03_01_chloroform: ok
CNX_Chem_03_01_exocytosis-88f6: ok
CNX_Chem_03_01_glycinemass_img: ok
CNX_Chem_03_01_saltMass: ok
CNX_Chem_03_02_argon_img-9025: ok
CNX_Chem_03_02_copperMoles_img-a962: ok
CNX_Chem_03_02_glycine_img-7c96: ok
CNX_Chem_03_02_potassium_img-f1d1: ok
CNX_Chem_03_02_sacch_img-3278: ok
CNX_Chem_03_02_vitC_img-e537: ok
CNX_Chem_03_03_empform: ok
CNX_Chem_03_05_Example2_img: ok
CNX_Chem_04_01_basehyd_img: ok
CNX_Chem_04_01_rxn2: ok
CNX_Chem_04_01_rxn3: ok
CNX_Chem_04_02_HClsoln: ok
CNX_Chem_04_03_etheneBr_img: ok
CNX_Chem_04_03_ethene_img: ok
CNX_Chem_04_03_flowchart: ok
CNX_Chem_04_03_map2_img: ok
CNX_Chem_04_03_map3_img: ok
CNX_Chem_04_03_moleratio1_img: ok
CNX_Chem_04_03_moleratio2_img: ok
CNX_Chem_04_04_GreenChem: ok
CNX_Chem_04_04_limiting: ok
CNX_Chem_04_04_sandwich: ok
CNX_Chem_04_05_combmap_img: ok
CNX_Chem_04_05_combustion: ok
CNX_Chem_04_05_map7_img: ok
CNX_Chem_04_05_map8_img: ok
CNX_Chem_14_03_FishLemon: ok
CNX_Chem_10_01_PentIso: ok
CNX_Chem_09_02_Amontons2: ok
CNX_Chem_11_04_rvosmosis: refused:production-page
CNX_Chem_18_07_N2O5: ok
DONE 38 figures -> /home/siggi/dev/repos/namsbokasafn-efni/experiments/figure-text-translation/evidence/2026-09-17-c4-build/reports/before
